// Jest Snapshot v1, https://goo.gl/fbAQLP

exports[`Pruebas en <PrimeraApp /> debe de mostrar <PrimeraApp /> correctamente  1`] = `
<Fragment>
  <h1>
     
    Hola, soy Naruto
     
  </h1>
  <p>
     
    Hola, soy un subtitulo de Naruto
     
  </p>
</Fragment>
`;
